> Task :compileJava UP-TO-DATE
> Task :processResources UP-TO-DATE
> Task :classes UP-TO-DATE
> Task :resolveMainClassName UP-TO-DATE

> Task :bootRun

  .   ____          _            __ _ _
 /\\ / ___'_ __ _ _(_)_ __  __ _ \ \ \ \
( ( )\___ | '_ | '_| | '_ \/ _` | \ \ \ \
 \\/  ___)| |_)| | | | | || (_| |  ) ) ) )
  '  |____| .__|_| |_|_| |_\__, | / / / /
 =========|_|==============|___/=/_/_/_/
 :: Spring Boot ::                (v3.1.4)

2026-02-13T17:27:00.761+09:00  INFO 33392 --- [           main] com.example.demo.DemoApplication         : Starting DemoApplication using Java 21.0.7 with PID 33392 (C:\developer\workspace\test\20260213\backend\build\classes\java\main started by c in C:\developer\workspace\test\20260213\backend)
2026-02-13T17:27:00.762+09:00  INFO 33392 --- [           main] com.example.demo.DemoApplication         : The following 1 profile is active: "local"
2026-02-13T17:27:01.028+09:00  INFO 33392 --- [           main] o.s.b.c.c.annotation.BatchRegistrar      : Finished Spring Batch infrastructure beans configuration in 1 ms.
2026-02-13T17:27:01.142+09:00  INFO 33392 --- [           main] .s.d.r.c.RepositoryConfigurationDelegate : Bootstrapping Spring Data JPA repositories in DEFAULT mode.
2026-02-13T17:27:01.171+09:00  INFO 33392 --- [           main] .s.d.r.c.RepositoryConfigurationDelegate : Finished Spring Data repository scanning in 26 ms. Found 3 JPA repository interfaces.
2026-02-13T17:27:01.516+09:00  INFO 33392 --- [           main] o.s.b.w.embedded.tomcat.TomcatWebServer  : Tomcat initialized with port(s): 8081 (http)
2026-02-13T17:27:01.522+09:00  INFO 33392 --- [           main] o.apache.catalina.core.StandardService   : Starting service [Tomcat]
2026-02-13T17:27:01.522+09:00  INFO 33392 --- [           main] o.apache.catalina.core.StandardEngine    : Starting Servlet engine: [Apache Tomcat/10.1.13]
2026-02-13T17:27:01.572+09:00  INFO 33392 --- [           main] o.a.c.c.C.[Tomcat].[localhost].[/]       : Initializing Spring embedded WebApplicationContext
2026-02-13T17:27:01.572+09:00  INFO 33392 --- [           main] w.s.c.ServletWebServerApplicationContext : Root WebApplicationContext: initialization completed in 786 ms
2026-02-13T17:27:01.645+09:00  INFO 33392 --- [           main] o.f.c.internal.license.VersionPrinter    : Flyway Community Edition 9.16.3 by Redgate
2026-02-13T17:27:01.645+09:00  INFO 33392 --- [           main] o.f.c.internal.license.VersionPrinter    : See release notes here: https://rd.gt/416ObMi
2026-02-13T17:27:01.645+09:00  INFO 33392 --- [           main] o.f.c.internal.license.VersionPrinter    : 
2026-02-13T17:27:01.650+09:00  INFO 33392 --- [           main] com.zaxxer.hikari.HikariDataSource       : HikariPool-1 - Starting...
2026-02-13T17:27:01.819+09:00  INFO 33392 --- [           main] com.zaxxer.hikari.pool.HikariPool        : HikariPool-1 - Added connection com.mysql.cj.jdbc.ConnectionImpl@27e44e9c
2026-02-13T17:27:01.821+09:00  INFO 33392 --- [           main] com.zaxxer.hikari.HikariDataSource       : HikariPool-1 - Start completed.
2026-02-13T17:27:01.838+09:00  INFO 33392 --- [           main] o.f.c.i.database.base.BaseDatabaseType   : Database: jdbc:mysql://localhost:13307/test (MySQL 8.0)
2026-02-13T17:27:01.878+09:00  INFO 33392 --- [           main] o.f.core.internal.command.DbValidate     : Successfully validated 4 migrations (execution time 00:00.017s)
2026-02-13T17:27:01.892+09:00  INFO 33392 --- [           main] o.f.core.internal.command.DbMigrate      : Current version of schema `test`: 4
2026-02-13T17:27:01.893+09:00  INFO 33392 --- [           main] o.f.core.internal.command.DbMigrate      : Schema `test` is up to date. No migration necessary.
2026-02-13T17:27:01.939+09:00  INFO 33392 --- [           main] o.hibernate.jpa.internal.util.LogHelper  : HHH000204: Processing PersistenceUnitInfo [name: default]
2026-02-13T17:27:01.969+09:00  INFO 33392 --- [           main] org.hibernate.Version                    : HHH000412: Hibernate ORM core version 6.2.9.Final
2026-02-13T17:27:01.971+09:00  INFO 33392 --- [           main] org.hibernate.cfg.Environment            : HHH000406: Using bytecode reflection optimizer
2026-02-13T17:27:02.061+09:00  INFO 33392 --- [           main] o.h.b.i.BytecodeProviderInitiator        : HHH000021: Bytecode provider name : bytebuddy
2026-02-13T17:27:02.139+09:00  INFO 33392 --- [           main] o.s.o.j.p.SpringPersistenceUnitInfo      : No LoadTimeWeaver setup: ignoring JPA class transformer
2026-02-13T17:27:02.277+09:00  INFO 33392 --- [           main] o.h.b.i.BytecodeProviderInitiator        : HHH000021: Bytecode provider name : bytebuddy
2026-02-13T17:27:02.636+09:00  INFO 33392 --- [           main] o.h.e.t.j.p.i.JtaPlatformInitiator       : HHH000490: Using JtaPlatform implementation: [org.hibernate.engine.transaction.jta.platform.internal.NoJtaPlatform]
2026-02-13T17:27:02.659+09:00  INFO 33392 --- [           main] j.LocalContainerEntityManagerFactoryBean : Initialized JPA EntityManagerFactory for persistence unit 'default'
2026-02-13T17:27:02.904+09:00  INFO 33392 --- [           main] o.s.b.c.r.s.JobRepositoryFactoryBean     : No database type set, using meta data indicating: MYSQL
2026-02-13T17:27:02.912+09:00  INFO 33392 --- [           main] o.s.b.c.l.support.SimpleJobLauncher      : No TaskExecutor has been set, defaulting to synchronous executor.
2026-02-13T17:27:02.925+09:00  INFO 33392 --- [           main] .c.a.BatchObservabilityBeanPostProcessor : No Micrometer observation registry found, defaulting to ObservationRegistry.NOOP
2026-02-13T17:27:02.928+09:00  INFO 33392 --- [           main] .c.a.BatchObservabilityBeanPostProcessor : No Micrometer observation registry found, defaulting to ObservationRegistry.NOOP
2026-02-13T17:27:02.928+09:00  INFO 33392 --- [           main] .c.a.BatchObservabilityBeanPostProcessor : No Micrometer observation registry found, defaulting to ObservationRegistry.NOOP
2026-02-13T17:27:02.992+09:00  WARN 33392 --- [           main] JpaBaseConfiguration$JpaWebConfiguration : spring.jpa.open-in-view is enabled by default. Therefore, database queries may be performed during view rendering. Explicitly configure spring.jpa.open-in-view to disable this warning
2026-02-13T17:27:03.134+09:00  INFO 33392 --- [           main] o.s.s.web.DefaultSecurityFilterChain     : Will secure any request with [org.springframework.security.web.session.DisableEncodeUrlFilter@599fab92, org.springframework.security.web.context.request.async.WebAsyncManagerIntegrationFilter@439054a7, org.springframework.security.web.context.SecurityContextHolderFilter@19ce597a, org.springframework.security.web.header.HeaderWriterFilter@33315925, org.springframework.security.web.authentication.logout.LogoutFilter@37289e90, com.example.demo.security.JwtAuthenticationFilter@71c1ca1, org.springframework.security.web.savedrequest.RequestCacheAwareFilter@20e25bf7, org.springframework.security.web.servletapi.SecurityContextHolderAwareRequestFilter@62129f97, org.springframework.security.web.authentication.AnonymousAuthenticationFilter@4fc1eee5, org.springframework.security.web.session.SessionManagementFilter@2a9fd482, org.springframework.security.web.access.ExceptionTranslationFilter@4a83d61c, org.springframework.security.web.access.intercept.AuthorizationFilter@685e5967]
2026-02-13T17:27:03.254+09:00  INFO 33392 --- [           main] o.s.b.w.embedded.tomcat.TomcatWebServer  : Tomcat started on port(s): 8081 (http) with context path ''
2026-02-13T17:27:03.259+09:00  INFO 33392 --- [           main] com.example.demo.DemoApplication         : Started DemoApplication in 2.707 seconds (process running for 2.896)
Hibernate: select b1_0.id,b1_0.created_at,b1_0.cron_expression,b1_0.enabled,b1_0.job_class,b1_0.job_key,b1_0.last_run_at,b1_0.name,b1_0.updated_at from batch_jobs b1_0 where b1_0.enabled
2026-02-13T17:27:04.718+09:00  INFO 33392 --- [nio-8081-exec-1] o.a.c.c.C.[Tomcat].[localhost].[/]       : Initializing Spring DispatcherServlet 'dispatcherServlet'
2026-02-13T17:27:04.718+09:00  INFO 33392 --- [nio-8081-exec-1] o.s.web.servlet.DispatcherServlet        : Initializing Servlet 'dispatcherServlet'
2026-02-13T17:27:04.719+09:00  INFO 33392 --- [nio-8081-exec-1] o.s.web.servlet.DispatcherServlet        : Completed initialization in 1 ms
Hibernate: select m1_0.id,m1_0.created_at,m1_0.name,m1_0.password,m1_0.role,m1_0.updated_at,m1_0.username from members m1_0 where m1_0.username=?
Hibernate: select m1_0.id,m1_0.created_at,m1_0.name,m1_0.password,m1_0.role,m1_0.updated_at,m1_0.username from members m1_0 where m1_0.username=?
Hibernate: select m1_0.id,m1_0.created_at,m1_0.name,m1_0.password,m1_0.role,m1_0.updated_at,m1_0.username from members m1_0 where m1_0.username=?
Hibernate: select b1_0.id from batch_jobs b1_0 where b1_0.job_key=? limit ?

