Starting backend setup... 
Running gradlew... 
Initialized native services in: C:\Users\c\.gradle\native
Initialized jansi services in: C:\Users\c\.gradle\native
Received JVM installation metadata from 'C:\developer\java\jdk-21.0.7+6': {JAVA_HOME=C:\developer\java\jdk-21.0.7+6, JAVA_VERSION=21.0.7, JAVA_VENDOR=Eclipse Adoptium, RUNTIME_NAME=OpenJDK Runtime Environment, RUNTIME_VERSION=21.0.7+6-LTS, VM_NAME=OpenJDK 64-Bit Server VM, VM_VERSION=21.0.7+6-LTS, VM_VENDOR=Eclipse Adoptium, OS_ARCH=amd64}
Found daemon DaemonInfo{pid=35304, address=[18fefac3-49bf-4f41-96cb-74d530e83a22 port:5660, addresses:[/127.0.0.1]], state=Idle, lastBusy=1771247600453, context=DefaultDaemonContext[uid=77d980df-99c3-488a-8c17-f8e8121de159,javaHome=C:\developer\java\jdk1.8.0_452,daemonRegistryDir=C:\Users\c\.gradle\daemon,pid=35304,idleTimeout=10800000,priority=NORMAL,applyInstrumentationAgent=true,daemonOpts=-XX:MaxMetaspaceSize=384m,-XX:+HeapDumpOnOutOfMemoryError,-Xms256m,-Xmx512m,-Dfile.encoding=utf8,-Duser.country=KR,-Duser.language=ko,-Duser.variant]} however its context does not match the desired criteria.
Java home is different.
Wanted: DefaultDaemonContext[uid=null,javaHome=C:\developer\java\jdk-21.0.7+6,daemonRegistryDir=C:\Users\c\.gradle\daemon,pid=16140,idleTimeout=null,priority=NORMAL,applyInstrumentationAgent=true,daemonOpts=--add-opens=java.base/java.util=ALL-UNNAMED,--add-opens=java.base/java.lang=ALL-UNNAMED,--add-opens=java.base/java.lang.invoke=ALL-UNNAMED,--add-opens=java.prefs/java.util.prefs=ALL-UNNAMED,--add-opens=java.base/java.nio.charset=ALL-UNNAMED,--add-opens=java.base/java.net=ALL-UNNAMED,--add-opens=java.base/java.util.concurrent.atomic=ALL-UNNAMED,-XX:MaxMetaspaceSize=384m,-XX:+HeapDumpOnOutOfMemoryError,-Xms256m,-Xmx512m,-Dfile.encoding=UTF-8,-Duser.country=KR,-Duser.language=ko,-Duser.variant]
Actual: DefaultDaemonContext[uid=77d980df-99c3-488a-8c17-f8e8121de159,javaHome=C:\developer\java\jdk1.8.0_452,daemonRegistryDir=C:\Users\c\.gradle\daemon,pid=35304,idleTimeout=10800000,priority=NORMAL,applyInstrumentationAgent=true,daemonOpts=-XX:MaxMetaspaceSize=384m,-XX:+HeapDumpOnOutOfMemoryError,-Xms256m,-Xmx512m,-Dfile.encoding=utf8,-Duser.country=KR,-Duser.language=ko,-Duser.variant]

  Looking for a different daemon...
Found daemon DaemonInfo{pid=14868, address=[e6d090fb-6938-4290-8c8c-08ad5e8ab33a port:12923, addresses:[/127.0.0.1]], state=Idle, lastBusy=1771247588751, context=DefaultDaemonContext[uid=4a95b479-5f53-4d4c-93ee-d564e39a95df,javaHome=C:\Users\c\.vscode\extensions\redhat.java-1.52.0-win32-x64\jre\21.0.9-win32-x86_64,daemonRegistryDir=C:\Users\c\.gradle\daemon,pid=14868,idleTimeout=10800000,priority=NORMAL,applyInstrumentationAgent=true,daemonOpts=--add-opens=java.base/java.util=ALL-UNNAMED,--add-opens=java.base/java.lang=ALL-UNNAMED,--add-opens=java.base/java.lang.invoke=ALL-UNNAMED,--add-opens=java.prefs/java.util.prefs=ALL-UNNAMED,--add-opens=java.base/java.nio.charset=ALL-UNNAMED,--add-opens=java.base/java.net=ALL-UNNAMED,--add-opens=java.base/java.util.concurrent.atomic=ALL-UNNAMED,-XX:MaxMetaspaceSize=384m,-XX:+HeapDumpOnOutOfMemoryError,-Xms256m,-Xmx512m,-Dfile.encoding=UTF-8,-Duser.country=KR,-Duser.language=ko,-Duser.variant]} however its context does not match the desired criteria.
Java home is different.
Wanted: DefaultDaemonContext[uid=null,javaHome=C:\developer\java\jdk-21.0.7+6,daemonRegistryDir=C:\Users\c\.gradle\daemon,pid=16140,idleTimeout=null,priority=NORMAL,applyInstrumentationAgent=true,daemonOpts=--add-opens=java.base/java.util=ALL-UNNAMED,--add-opens=java.base/java.lang=ALL-UNNAMED,--add-opens=java.base/java.lang.invoke=ALL-UNNAMED,--add-opens=java.prefs/java.util.prefs=ALL-UNNAMED,--add-opens=java.base/java.nio.charset=ALL-UNNAMED,--add-opens=java.base/java.net=ALL-UNNAMED,--add-opens=java.base/java.util.concurrent.atomic=ALL-UNNAMED,-XX:MaxMetaspaceSize=384m,-XX:+HeapDumpOnOutOfMemoryError,-Xms256m,-Xmx512m,-Dfile.encoding=UTF-8,-Duser.country=KR,-Duser.language=ko,-Duser.variant]
Actual: DefaultDaemonContext[uid=4a95b479-5f53-4d4c-93ee-d564e39a95df,javaHome=C:\Users\c\.vscode\extensions\redhat.java-1.52.0-win32-x64\jre\21.0.9-win32-x86_64,daemonRegistryDir=C:\Users\c\.gradle\daemon,pid=14868,idleTimeout=10800000,priority=NORMAL,applyInstrumentationAgent=true,daemonOpts=--add-opens=java.base/java.util=ALL-UNNAMED,--add-opens=java.base/java.lang=ALL-UNNAMED,--add-opens=java.base/java.lang.invoke=ALL-UNNAMED,--add-opens=java.prefs/java.util.prefs=ALL-UNNAMED,--add-opens=java.base/java.nio.charset=ALL-UNNAMED,--add-opens=java.base/java.net=ALL-UNNAMED,--add-opens=java.base/java.util.concurrent.atomic=ALL-UNNAMED,-XX:MaxMetaspaceSize=384m,-XX:+HeapDumpOnOutOfMemoryError,-Xms256m,-Xmx512m,-Dfile.encoding=UTF-8,-Duser.country=KR,-Duser.language=ko,-Duser.variant]

  Looking for a different daemon...
Found daemon DaemonInfo{pid=10508, address=[8ab52027-4774-442d-bb05-3d033f777a2b port:9547, addresses:[/127.0.0.1]], state=Idle, lastBusy=1771247592409, context=DefaultDaemonContext[uid=7f83a332-fb3a-4c0a-8f07-c4d95ae32f86,javaHome=C:\Users\c\.vscode\extensions\redhat.java-1.52.0-win32-x64\jre\21.0.9-win32-x86_64,daemonRegistryDir=C:\Users\c\.gradle\daemon,pid=10508,idleTimeout=10800000,priority=NORMAL,applyInstrumentationAgent=true,daemonOpts=--add-opens=java.base/java.util=ALL-UNNAMED,--add-opens=java.base/java.lang=ALL-UNNAMED,--add-opens=java.base/java.lang.invoke=ALL-UNNAMED,--add-opens=java.prefs/java.util.prefs=ALL-UNNAMED,--add-opens=java.base/java.nio.charset=ALL-UNNAMED,--add-opens=java.base/java.net=ALL-UNNAMED,--add-opens=java.base/java.util.concurrent.atomic=ALL-UNNAMED,-Dfile.encoding=UTF-8,-Duser.country=KR,-Duser.language=ko,-Duser.variant]} however its context does not match the desired criteria.
Java home is different.
Wanted: DefaultDaemonContext[uid=null,javaHome=C:\developer\java\jdk-21.0.7+6,daemonRegistryDir=C:\Users\c\.gradle\daemon,pid=16140,idleTimeout=null,priority=NORMAL,applyInstrumentationAgent=true,daemonOpts=--add-opens=java.base/java.util=ALL-UNNAMED,--add-opens=java.base/java.lang=ALL-UNNAMED,--add-opens=java.base/java.lang.invoke=ALL-UNNAMED,--add-opens=java.prefs/java.util.prefs=ALL-UNNAMED,--add-opens=java.base/java.nio.charset=ALL-UNNAMED,--add-opens=java.base/java.net=ALL-UNNAMED,--add-opens=java.base/java.util.concurrent.atomic=ALL-UNNAMED,-XX:MaxMetaspaceSize=384m,-XX:+HeapDumpOnOutOfMemoryError,-Xms256m,-Xmx512m,-Dfile.encoding=UTF-8,-Duser.country=KR,-Duser.language=ko,-Duser.variant]
Actual: DefaultDaemonContext[uid=7f83a332-fb3a-4c0a-8f07-c4d95ae32f86,javaHome=C:\Users\c\.vscode\extensions\redhat.java-1.52.0-win32-x64\jre\21.0.9-win32-x86_64,daemonRegistryDir=C:\Users\c\.gradle\daemon,pid=10508,idleTimeout=10800000,priority=NORMAL,applyInstrumentationAgent=true,daemonOpts=--add-opens=java.base/java.util=ALL-UNNAMED,--add-opens=java.base/java.lang=ALL-UNNAMED,--add-opens=java.base/java.lang.invoke=ALL-UNNAMED,--add-opens=java.prefs/java.util.prefs=ALL-UNNAMED,--add-opens=java.base/java.nio.charset=ALL-UNNAMED,--add-opens=java.base/java.net=ALL-UNNAMED,--add-opens=java.base/java.util.concurrent.atomic=ALL-UNNAMED,-Dfile.encoding=UTF-8,-Duser.country=KR,-Duser.language=ko,-Duser.variant]

  Looking for a different daemon...
Found daemon DaemonInfo{pid=30012, address=[ac1b8788-42bf-41e1-b01e-2db985bf72f8 port:2829, addresses:[/127.0.0.1]], state=Idle, lastBusy=1771336313331, context=DefaultDaemonContext[uid=fc7fe36e-c205-43e9-81dc-16348622cd45,javaHome=C:\developer\java\jdk-21.0.7+6,daemonRegistryDir=C:\Users\c\.gradle\daemon,pid=30012,idleTimeout=10800000,priority=NORMAL,applyInstrumentationAgent=true,daemonOpts=--add-opens=java.base/java.util=ALL-UNNAMED,--add-opens=java.base/java.lang=ALL-UNNAMED,--add-opens=java.base/java.lang.invoke=ALL-UNNAMED,--add-opens=java.prefs/java.util.prefs=ALL-UNNAMED,--add-opens=java.base/java.nio.charset=ALL-UNNAMED,--add-opens=java.base/java.net=ALL-UNNAMED,--add-opens=java.base/java.util.concurrent.atomic=ALL-UNNAMED,-XX:MaxMetaspaceSize=384m,-XX:+HeapDumpOnOutOfMemoryError,-Xms256m,-Xmx512m,-Dfile.encoding=utf8,-Duser.country=KR,-Duser.language=ko,-Duser.variant]} however its context does not match the desired criteria.
At least one daemon option is different.
Wanted: DefaultDaemonContext[uid=null,javaHome=C:\developer\java\jdk-21.0.7+6,daemonRegistryDir=C:\Users\c\.gradle\daemon,pid=16140,idleTimeout=null,priority=NORMAL,applyInstrumentationAgent=true,daemonOpts=--add-opens=java.base/java.util=ALL-UNNAMED,--add-opens=java.base/java.lang=ALL-UNNAMED,--add-opens=java.base/java.lang.invoke=ALL-UNNAMED,--add-opens=java.prefs/java.util.prefs=ALL-UNNAMED,--add-opens=java.base/java.nio.charset=ALL-UNNAMED,--add-opens=java.base/java.net=ALL-UNNAMED,--add-opens=java.base/java.util.concurrent.atomic=ALL-UNNAMED,-XX:MaxMetaspaceSize=384m,-XX:+HeapDumpOnOutOfMemoryError,-Xms256m,-Xmx512m,-Dfile.encoding=UTF-8,-Duser.country=KR,-Duser.language=ko,-Duser.variant]
Actual: DefaultDaemonContext[uid=fc7fe36e-c205-43e9-81dc-16348622cd45,javaHome=C:\developer\java\jdk-21.0.7+6,daemonRegistryDir=C:\Users\c\.gradle\daemon,pid=30012,idleTimeout=10800000,priority=NORMAL,applyInstrumentationAgent=true,daemonOpts=--add-opens=java.base/java.util=ALL-UNNAMED,--add-opens=java.base/java.lang=ALL-UNNAMED,--add-opens=java.base/java.lang.invoke=ALL-UNNAMED,--add-opens=java.prefs/java.util.prefs=ALL-UNNAMED,--add-opens=java.base/java.nio.charset=ALL-UNNAMED,--add-opens=java.base/java.net=ALL-UNNAMED,--add-opens=java.base/java.util.concurrent.atomic=ALL-UNNAMED,-XX:MaxMetaspaceSize=384m,-XX:+HeapDumpOnOutOfMemoryError,-Xms256m,-Xmx512m,-Dfile.encoding=utf8,-Duser.country=KR,-Duser.language=ko,-Duser.variant]

  Looking for a different daemon...
The client will now receive all logging from the daemon (pid: 13284). The daemon log file: C:\Users\c\.gradle\daemon\8.4\daemon-13284.out.log
Starting 24th build in daemon [uptime: 5 hrs 41 mins 27.528 secs, performance: 100%, GC rate: 0.00/s, heap usage: 0% of 512 MiB, non-heap usage: 23% of 384 MiB]
Using 20 worker leases.
Now considering [C:\developer\workspace\test\20260213\backend] as hierarchies to watch
Watching the file system is configured to be enabled if available
File system watching is active
Starting Build
Settings evaluated using settings file 'C:\developer\workspace\test\20260213\backend\settings.gradle'.
Projects loaded. Root project using build file 'C:\developer\workspace\test\20260213\backend\build.gradle'.
Included projects: [root project 'demo-backend']

> Configure project :
Evaluating root project 'demo-backend' using build file 'C:\developer\workspace\test\20260213\backend\build.gradle'.
Applying dependency management to configuration 'annotationProcessor' in project 'demo-backend'
Applying dependency management to configuration 'apiElements' in project 'demo-backend'
Applying dependency management to configuration 'archives' in project 'demo-backend'
Applying dependency management to configuration 'bootArchives' in project 'demo-backend'
Applying dependency management to configuration 'compileClasspath' in project 'demo-backend'
Applying dependency management to configuration 'compileOnly' in project 'demo-backend'
Applying dependency management to configuration 'default' in project 'demo-backend'
Applying dependency management to configuration 'developmentOnly' in project 'demo-backend'
Applying dependency management to configuration 'implementation' in project 'demo-backend'
Applying dependency management to configuration 'mainSourceElements' in project 'demo-backend'
Applying dependency management to configuration 'productionRuntimeClasspath' in project 'demo-backend'
Applying dependency management to configuration 'runtimeClasspath' in project 'demo-backend'
Applying dependency management to configuration 'runtimeElements' in project 'demo-backend'
Applying dependency management to configuration 'runtimeOnly' in project 'demo-backend'
Applying dependency management to configuration 'testAnnotationProcessor' in project 'demo-backend'
Applying dependency management to configuration 'testCompileClasspath' in project 'demo-backend'
Applying dependency management to configuration 'testCompileOnly' in project 'demo-backend'
Applying dependency management to configuration 'testImplementation' in project 'demo-backend'
Applying dependency management to configuration 'testResultsElementsForTest' in project 'demo-backend'
Applying dependency management to configuration 'testRuntimeClasspath' in project 'demo-backend'
Applying dependency management to configuration 'testRuntimeOnly' in project 'demo-backend'
All projects evaluated.
Task name matched 'bootRun'
Selected primary task 'bootRun' from project :
Tasks to be executed: [task ':compileJava', task ':processResources', task ':classes', task ':resolveMainClassName', task ':bootRun']
Tasks that were excluded: []
Resolve mutations for :compileJava (Thread[#4813,Execution worker,5,main]) started.
:compileJava (Thread[#4826,Execution worker Thread 14,5,main]) started.

> Task :compileJava
Resolving global dependency management for project 'demo-backend'
Excluding []
Excluding []
Caching disabled for task ':compileJava' because:
  Build cache is disabled
Task ':compileJava' is not up-to-date because:
  Input property 'stableSources' file C:\developer\workspace\test\20260213\backend\src\main\java\com\example\demo\controller\BoardController.java has changed.
  Input property 'stableSources' file C:\developer\workspace\test\20260213\backend\src\main\java\com\example\demo\controller\CommentController.java has changed.
  Input property 'stableSources' file C:\developer\workspace\test\20260213\backend\src\main\java\com\example\demo\dto\BoardDto.java has changed.
Created classpath snapshot for incremental compilation in 0.037 secs.
Compiling with toolchain 'C:\developer\java\jdk-21.0.7+6'.
Compiling with JDK Java compiler API.
Incremental compilation of 13 classes completed in 1.371 secs.
Class dependency analysis for incremental compilation took 0.138 secs.
Resolve mutations for :processResources (Thread[#4826,Execution worker Thread 14,5,main]) started.
:processResources (Thread[#4826,Execution worker Thread 14,5,main]) started.

> Task :processResources UP-TO-DATE
Caching disabled for task ':processResources' because:
  Build cache is disabled
Skipping task ':processResources' as it is up-to-date.
Resolve mutations for :classes (Thread[#4826,Execution worker Thread 14,5,main]) started.
:classes (Thread[#4822,Execution worker Thread 10,5,main]) started.

> Task :classes
Skipping task ':classes' as it has no actions.
Resolve mutations for :resolveMainClassName (Thread[#4822,Execution worker Thread 10,5,main]) started.
:resolveMainClassName (Thread[#4822,Execution worker Thread 10,5,main]) started.

> Task :resolveMainClassName
Caching disabled for task ':resolveMainClassName' because:
  Build cache is disabled
Task ':resolveMainClassName' is not up-to-date because:
  Input property 'classpath' file C:\developer\workspace\test\20260213\backend\build\classes\java\main\com\example\demo\controller\BoardController.class has changed.
  Input property 'classpath' file C:\developer\workspace\test\20260213\backend\build\classes\java\main\com\example\demo\controller\CommentController$CreateCommentRequest.class has been removed.
  Input property 'classpath' file C:\developer\workspace\test\20260213\backend\build\classes\java\main\com\example\demo\controller\CommentController.class has been added.
Resolve mutations for :bootRun (Thread[#4822,Execution worker Thread 10,5,main]) started.
:bootRun (Thread[#4822,Execution worker Thread 10,5,main]) started.
^C