> Task :compileJava UP-TO-DATE
> Task :processResources UP-TO-DATE
> Task :classes UP-TO-DATE
> Task :resolveMainClassName

> Task :bootRun

  .   ____          _            __ _ _
 /\\ / ___'_ __ _ _(_)_ __  __ _ \ \ \ \
( ( )\___ | '_ | '_| | '_ \/ _` | \ \ \ \
 \\/  ___)| |_)| | | | | || (_| |  ) ) ) )
  '  |____| .__|_| |_|_| |_\__, | / / / /
 =========|_|==============|___/=/_/_/_/
 :: Spring Boot ::                (v3.1.4)

2026-02-13T17:24:47.297+09:00  INFO 41776 --- [           main] com.example.demo.DemoApplication         : Starting DemoApplication using Java 21.0.7 with PID 41776 (C:\developer\workspace\test\20260213\backend\build\classes\java\main started by c in C:\developer\workspace\test\20260213\backend)
2026-02-13T17:24:47.298+09:00  INFO 41776 --- [           main] com.example.demo.DemoApplication         : The following 1 profile is active: "local"
2026-02-13T17:24:47.584+09:00  INFO 41776 --- [           main] o.s.b.c.c.annotation.BatchRegistrar      : Finished Spring Batch infrastructure beans configuration in 1 ms.
2026-02-13T17:24:47.697+09:00  INFO 41776 --- [           main] .s.d.r.c.RepositoryConfigurationDelegate : Bootstrapping Spring Data JPA repositories in DEFAULT mode.
2026-02-13T17:24:47.730+09:00  INFO 41776 --- [           main] .s.d.r.c.RepositoryConfigurationDelegate : Finished Spring Data repository scanning in 29 ms. Found 3 JPA repository interfaces.
2026-02-13T17:24:48.090+09:00  INFO 41776 --- [           main] o.s.b.w.embedded.tomcat.TomcatWebServer  : Tomcat initialized with port(s): 8081 (http)
2026-02-13T17:24:48.095+09:00  INFO 41776 --- [           main] o.apache.catalina.core.StandardService   : Starting service [Tomcat]
2026-02-13T17:24:48.095+09:00  INFO 41776 --- [           main] o.apache.catalina.core.StandardEngine    : Starting Servlet engine: [Apache Tomcat/10.1.13]
2026-02-13T17:24:48.148+09:00  INFO 41776 --- [           main] o.a.c.c.C.[Tomcat].[localhost].[/]       : Initializing Spring embedded WebApplicationContext
2026-02-13T17:24:48.148+09:00  INFO 41776 --- [           main] w.s.c.ServletWebServerApplicationContext : Root WebApplicationContext: initialization completed in 823 ms
2026-02-13T17:24:48.223+09:00  INFO 41776 --- [           main] o.f.c.internal.license.VersionPrinter    : Flyway Community Edition 9.16.3 by Redgate
2026-02-13T17:24:48.223+09:00  INFO 41776 --- [           main] o.f.c.internal.license.VersionPrinter    : See release notes here: https://rd.gt/416ObMi
2026-02-13T17:24:48.223+09:00  INFO 41776 --- [           main] o.f.c.internal.license.VersionPrinter    : 
2026-02-13T17:24:48.228+09:00  INFO 41776 --- [           main] com.zaxxer.hikari.HikariDataSource       : HikariPool-1 - Starting...
2026-02-13T17:24:48.416+09:00  INFO 41776 --- [           main] com.zaxxer.hikari.pool.HikariPool        : HikariPool-1 - Added connection com.mysql.cj.jdbc.ConnectionImpl@1bee0085
2026-02-13T17:24:48.416+09:00  INFO 41776 --- [           main] com.zaxxer.hikari.HikariDataSource       : HikariPool-1 - Start completed.
2026-02-13T17:24:48.436+09:00  INFO 41776 --- [           main] o.f.c.i.database.base.BaseDatabaseType   : Database: jdbc:mysql://localhost:13307/test (MySQL 8.0)
2026-02-13T17:24:48.477+09:00  INFO 41776 --- [           main] o.f.core.internal.command.DbValidate     : Successfully validated 4 migrations (execution time 00:00.019s)
2026-02-13T17:24:48.493+09:00  INFO 41776 --- [           main] o.f.core.internal.command.DbMigrate      : Current version of schema `test`: 4
2026-02-13T17:24:48.494+09:00  INFO 41776 --- [           main] o.f.core.internal.command.DbMigrate      : Schema `test` is up to date. No migration necessary.
2026-02-13T17:24:48.543+09:00  INFO 41776 --- [           main] o.hibernate.jpa.internal.util.LogHelper  : HHH000204: Processing PersistenceUnitInfo [name: default]
2026-02-13T17:24:48.576+09:00  INFO 41776 --- [           main] org.hibernate.Version                    : HHH000412: Hibernate ORM core version 6.2.9.Final
2026-02-13T17:24:48.578+09:00  INFO 41776 --- [           main] org.hibernate.cfg.Environment            : HHH000406: Using bytecode reflection optimizer
2026-02-13T17:24:48.672+09:00  INFO 41776 --- [           main] o.h.b.i.BytecodeProviderInitiator        : HHH000021: Bytecode provider name : bytebuddy
2026-02-13T17:24:48.743+09:00  INFO 41776 --- [           main] o.s.o.j.p.SpringPersistenceUnitInfo      : No LoadTimeWeaver setup: ignoring JPA class transformer
2026-02-13T17:24:48.874+09:00  INFO 41776 --- [           main] o.h.b.i.BytecodeProviderInitiator        : HHH000021: Bytecode provider name : bytebuddy
2026-02-13T17:24:49.240+09:00  INFO 41776 --- [           main] o.h.e.t.j.p.i.JtaPlatformInitiator       : HHH000490: Using JtaPlatform implementation: [org.hibernate.engine.transaction.jta.platform.internal.NoJtaPlatform]
2026-02-13T17:24:49.262+09:00  INFO 41776 --- [           main] j.LocalContainerEntityManagerFactoryBean : Initialized JPA EntityManagerFactory for persistence unit 'default'
2026-02-13T17:24:49.514+09:00  INFO 41776 --- [           main] o.s.b.c.r.s.JobRepositoryFactoryBean     : No database type set, using meta data indicating: MYSQL
2026-02-13T17:24:49.523+09:00  INFO 41776 --- [           main] o.s.b.c.l.support.SimpleJobLauncher      : No TaskExecutor has been set, defaulting to synchronous executor.
2026-02-13T17:24:49.536+09:00  INFO 41776 --- [           main] .c.a.BatchObservabilityBeanPostProcessor : No Micrometer observation registry found, defaulting to ObservationRegistry.NOOP
2026-02-13T17:24:49.539+09:00  INFO 41776 --- [           main] .c.a.BatchObservabilityBeanPostProcessor : No Micrometer observation registry found, defaulting to ObservationRegistry.NOOP
2026-02-13T17:24:49.540+09:00  INFO 41776 --- [           main] .c.a.BatchObservabilityBeanPostProcessor : No Micrometer observation registry found, defaulting to ObservationRegistry.NOOP
2026-02-13T17:24:49.605+09:00  WARN 41776 --- [           main] JpaBaseConfiguration$JpaWebConfiguration : spring.jpa.open-in-view is enabled by default. Therefore, database queries may be performed during view rendering. Explicitly configure spring.jpa.open-in-view to disable this warning
2026-02-13T17:24:49.748+09:00  INFO 41776 --- [           main] o.s.s.web.DefaultSecurityFilterChain     : Will secure any request with [org.springframework.security.web.session.DisableEncodeUrlFilter@765d67dd, org.springframework.security.web.context.request.async.WebAsyncManagerIntegrationFilter@2e68bd3d, org.springframework.security.web.context.SecurityContextHolderFilter@73c6ebec, org.springframework.security.web.header.HeaderWriterFilter@2a9fd482, org.springframework.security.web.authentication.logout.LogoutFilter@4fc1eee5, com.example.demo.security.JwtAuthenticationFilter@725490dd, org.springframework.security.web.savedrequest.RequestCacheAwareFilter@367653cc, org.springframework.security.web.servletapi.SecurityContextHolderAwareRequestFilter@4c69b396, org.springframework.security.web.authentication.AnonymousAuthenticationFilter@2fda92e0, org.springframework.security.web.session.SessionManagementFilter@7154a248, org.springframework.security.web.access.ExceptionTranslationFilter@5e445ffe, org.springframework.security.web.access.intercept.AuthorizationFilter@75a5a912]
2026-02-13T17:24:49.869+09:00  INFO 41776 --- [           main] o.s.b.w.embedded.tomcat.TomcatWebServer  : Tomcat started on port(s): 8081 (http) with context path ''
2026-02-13T17:24:49.873+09:00  INFO 41776 --- [           main] com.example.demo.DemoApplication         : Started DemoApplication in 2.814 seconds (process running for 3.011)
Hibernate: select b1_0.id,b1_0.created_at,b1_0.cron_expression,b1_0.enabled,b1_0.job_class,b1_0.job_key,b1_0.last_run_at,b1_0.name,b1_0.updated_at from batch_jobs b1_0 where b1_0.enabled
2026-02-13T17:24:51.033+09:00  INFO 41776 --- [nio-8081-exec-1] o.a.c.c.C.[Tomcat].[localhost].[/]       : Initializing Spring DispatcherServlet 'dispatcherServlet'
2026-02-13T17:24:51.034+09:00  INFO 41776 --- [nio-8081-exec-1] o.s.web.servlet.DispatcherServlet        : Initializing Servlet 'dispatcherServlet'
2026-02-13T17:24:51.034+09:00  INFO 41776 --- [nio-8081-exec-1] o.s.web.servlet.DispatcherServlet        : Completed initialization in 0 ms
Hibernate: select m1_0.id,m1_0.created_at,m1_0.name,m1_0.password,m1_0.role,m1_0.updated_at,m1_0.username from members m1_0 where m1_0.username=?
Hibernate: select m1_0.id,m1_0.created_at,m1_0.name,m1_0.password,m1_0.role,m1_0.updated_at,m1_0.username from members m1_0 where m1_0.username=?
Hibernate: select m1_0.id,m1_0.created_at,m1_0.name,m1_0.password,m1_0.role,m1_0.updated_at,m1_0.username from members m1_0 where m1_0.username=?
Hibernate: select m1_0.id,m1_0.created_at,m1_0.name,m1_0.password,m1_0.role,m1_0.updated_at,m1_0.username from members m1_0 where m1_0.username=?
Hibernate: select m1_0.id,m1_0.created_at,m1_0.name,m1_0.password,m1_0.role,m1_0.updated_at,m1_0.username from members m1_0 where m1_0.username=?
Hibernate: select m1_0.id,m1_0.created_at,m1_0.name,m1_0.password,m1_0.role,m1_0.updated_at,m1_0.username from members m1_0 where m1_0.username=?
Hibernate: select m1_0.id,m1_0.created_at,m1_0.name,m1_0.password,m1_0.role,m1_0.updated_at,m1_0.username from members m1_0 where m1_0.username=?
Hibernate: select b1_0.id from batch_jobs b1_0 where b1_0.job_key=? limit ?
Hibernate: insert into batch_jobs (created_at,cron_expression,enabled,job_class,job_key,last_run_at,name,updated_at) values (?,?,?,?,?,?,?,?)
Hibernate: select b1_0.id,b1_0.created_at,b1_0.cron_expression,b1_0.enabled,b1_0.job_class,b1_0.job_key,b1_0.last_run_at,b1_0.name,b1_0.updated_at from batch_jobs b1_0 where b1_0.enabled
Hibernate: select m1_0.id,m1_0.created_at,m1_0.name,m1_0.password,m1_0.role,m1_0.updated_at,m1_0.username from members m1_0 where m1_0.username=?
Hibernate: select b1_0.id from batch_jobs b1_0 where b1_0.job_key=? limit ?
Hibernate: select m1_0.id,m1_0.created_at,m1_0.name,m1_0.password,m1_0.role,m1_0.updated_at,m1_0.username from members m1_0 where m1_0.username=?
Hibernate: select m1_0.id,m1_0.created_at,m1_0.name,m1_0.password,m1_0.role,m1_0.updated_at,m1_0.username from members m1_0 where m1_0.username=?
Hibernate: select m1_0.id,m1_0.created_at,m1_0.name,m1_0.password,m1_0.role,m1_0.updated_at,m1_0.username from members m1_0 where m1_0.username=?
Hibernate: select b1_0.id,b1_0.created_at,b1_0.cron_expression,b1_0.enabled,b1_0.job_class,b1_0.job_key,b1_0.last_run_at,b1_0.name,b1_0.updated_at from batch_jobs b1_0
Hibernate: select m1_0.id,m1_0.created_at,m1_0.name,m1_0.password,m1_0.role,m1_0.updated_at,m1_0.username from members m1_0 where m1_0.username=?
Hibernate: select b1_0.id,b1_0.created_at,b1_0.cron_expression,b1_0.enabled,b1_0.job_class,b1_0.job_key,b1_0.last_run_at,b1_0.name,b1_0.updated_at from batch_jobs b1_0 where b1_0.id=?
2026-02-13T17:24:51.961+09:00  INFO 41776 --- [nio-8081-exec-9] o.s.b.c.l.support.SimpleJobLauncher      : Job: [SimpleJob: [name=sampleJob]] launched with the following parameters: [{'requestedAt':'{value=1770971091918, type=class java.lang.Long, identifying=true}','batchJobId':'{value=1, type=class java.lang.Long, identifying=true}','triggerType':'{value=MANUAL, type=class java.lang.String, identifying=true}'}]
2026-02-13T17:24:51.992+09:00  INFO 41776 --- [nio-8081-exec-9] o.s.batch.core.job.SimpleStepHandler     : Executing step: [step1]
Sample batch job executed
2026-02-13T17:24:52.017+09:00  INFO 41776 --- [nio-8081-exec-9] o.s.batch.core.step.AbstractStep         : Step: [step1] executed in 25ms

