
> frontend@0.0.1 dev
> vite


  [32m[1mVITE[22m v4.5.14[39m  [2mready in [0m[1m381[22m[2m[0m ms[22m

  [32m➜[39m  [1mLocal[22m:   [36mhttp://localhost:[1m5173[22m/[39m
[2m  [32m➜[39m  [1mNetwork[22m[2m: use [22m[1m--host[22m[2m to expose[22m
[2m[32m  ➜[39m[22m[2m  press [22m[1mh[22m[2m to show help[22m
[2m오후 4:46:55[22m [36m[1m[vite][22m[39m [32mhmr update [39m[2m/@fs/C:/developer/workspace/test/20260213/frontend/src/pages/MemberDetailPage.tsx[22m
[2m오후 4:47:01[22m [36m[1m[vite][22m[39m [32mhmr update [39m[2m/@fs/C:/developer/workspace/test/20260213/frontend/src/pages/RegisteredAppDetailPage.tsx[22m
[2m오후 4:47:14[22m [36m[1m[vite][22m[39m [32mpage reload [39m[2mdist/index.html[22m
[2m오후 5:04:24[22m [31m[1m[vite][22m[39m [31mhttp proxy error at /api/batch/list:[39m
AggregateError [ECONNREFUSED]: 
    at internalConnectMultiple (node:net:1116:18)
    at afterConnectMultiple (node:net:1680:7)
[2m오후 5:04:24[22m [31m[1m[vite][22m[39m [31mhttp proxy error at /api/batch/list:[39m
AggregateError [ECONNREFUSED]: 
    at internalConnectMultiple (node:net:1116:18)
    at afterConnectMultiple (node:net:1680:7)
[2m오후 5:04:25[22m [31m[1m[vite][22m[39m [31mhttp proxy error at /api/batch/list:[39m
AggregateError [ECONNREFUSED]: 
    at internalConnectMultiple (node:net:1116:18)
    at afterConnectMultiple (node:net:1680:7)
[2m오후 5:04:25[22m [31m[1m[vite][22m[39m [31mhttp proxy error at /api/batch/list:[39m
AggregateError [ECONNREFUSED]: 
    at internalConnectMultiple (node:net:1116:18)
    at afterConnectMultiple (node:net:1680:7)
[2m오후 5:04:29[22m [31m[1m[vite][22m[39m [31mhttp proxy error at /api/members:[39m
AggregateError [ECONNREFUSED]: 
    at internalConnectMultiple (node:net:1116:18)
    at afterConnectMultiple (node:net:1680:7)
[2m오후 5:04:29[22m [31m[1m[vite][22m[39m [31mhttp proxy error at /api/members/me:[39m
AggregateError [ECONNREFUSED]: 
    at internalConnectMultiple (node:net:1116:18)
    at afterConnectMultiple (node:net:1680:7)
[2m오후 5:04:29[22m [31m[1m[vite][22m[39m [31mhttp proxy error at /api/members:[39m
AggregateError [ECONNREFUSED]: 
    at internalConnectMultiple (node:net:1116:18)
    at afterConnectMultiple (node:net:1680:7)
[2m오후 5:04:29[22m [31m[1m[vite][22m[39m [31mhttp proxy error at /api/members/me:[39m
AggregateError [ECONNREFUSED]: 
    at internalConnectMultiple (node:net:1116:18)
    at afterConnectMultiple (node:net:1680:7)
[2m오후 5:04:30[22m [31m[1m[vite][22m[39m [31mhttp proxy error at /api/members:[39m
AggregateError [ECONNREFUSED]: 
    at internalConnectMultiple (node:net:1116:18)
    at afterConnectMultiple (node:net:1680:7)
[2m오후 5:04:30[22m [31m[1m[vite][22m[39m [31mhttp proxy error at /api/members/me:[39m
AggregateError [ECONNREFUSED]: 
    at internalConnectMultiple (node:net:1116:18)
    at afterConnectMultiple (node:net:1680:7)
[2m오후 5:04:39[22m [31m[1m[vite][22m[39m [31mhttp proxy error at /api/auth/login:[39m
AggregateError [ECONNREFUSED]: 
    at internalConnectMultiple (node:net:1116:18)
    at afterConnectMultiple (node:net:1680:7)
[2m오후 5:21:38[22m [36m[1m[vite][22m[39m [32mhmr update [39m[2m/@fs/C:/developer/workspace/test/20260213/frontend/src/pages/BatchPage.tsx[22m
[2m오후 5:22:57[22m [36m[1m[vite][22m[39m [32mhmr update [39m[2m/@fs/C:/developer/workspace/test/20260213/frontend/src/pages/BatchPage.tsx[22m
[2m오후 5:23:10[22m [36m[1m[vite][22m[39m [32mhmr update [39m[2m/@fs/C:/developer/workspace/test/20260213/frontend/src/styles.css[22m
[2m오후 5:23:23[22m [36m[1m[vite][22m[39m [32mpage reload [39m[2mdist/index.html[22m
[2m오후 5:29:38[22m [36m[1m[vite][22m[39m [32mpage reload [39m[2mdist/index.html[22m
